// Jest Snapshot v1, https://goo.gl/fbAQLP

exports[`Header should match the snapshot 1`] = `
ShallowWrapper {
  "length": 1,
  Symbol(enzyme.__root__): [Circular],
  Symbol(enzyme.__unrendered__): <Header />,
  Symbol(enzyme.__renderer__): Object {
    "batchedUpdates": [Function],
    "getNode": [Function],
    "render": [Function],
    "simulateEvent": [Function],
    "unmount": [Function],
  },
  Symbol(enzyme.__node__): Object {
    "instance": null,
    "key": undefined,
    "nodeType": "host",
    "props": Object {
      "children": Array [
        <div
          className="title-logo"
>
          <NavLink
                    activeClassName="active"
                    aria-current="page"
                    to="/"
          >
                    <img
                              alt="exordium logo"
                              className="logo"
                              src="exordium-logo.png"
                    />
          </NavLink>
</div>,
        <div
          className="signin-container"
>
          <button
                    className="signin-button"
                    onClick={undefined}
          >
                    Sign Up / Login
          </button>
</div>,
      ],
    },
    "ref": null,
    "rendered": Array [
      Object {
        "instance": null,
        "key": undefined,
        "nodeType": "host",
        "props": Object {
          "children": <NavLink
            activeClassName="active"
            aria-current="page"
            to="/"
>
            <img
                        alt="exordium logo"
                        className="logo"
                        src="exordium-logo.png"
            />
</NavLink>,
          "className": "title-logo",
        },
        "ref": null,
        "rendered": Object {
          "instance": null,
          "key": undefined,
          "nodeType": "function",
          "props": Object {
            "activeClassName": "active",
            "aria-current": "page",
            "children": <img
              alt="exordium logo"
              className="logo"
              src="exordium-logo.png"
/>,
            "to": "/",
          },
          "ref": null,
          "rendered": Object {
            "instance": null,
            "key": undefined,
            "nodeType": "host",
            "props": Object {
              "alt": "exordium logo",
              "className": "logo",
              "src": "exordium-logo.png",
            },
            "ref": null,
            "rendered": null,
            "type": "img",
          },
          "type": [Function],
        },
        "type": "div",
      },
      Object {
        "instance": null,
        "key": undefined,
        "nodeType": "host",
        "props": Object {
          "children": <button
            className="signin-button"
            onClick={undefined}
>
            Sign Up / Login
</button>,
          "className": "signin-container",
        },
        "ref": null,
        "rendered": Object {
          "instance": null,
          "key": undefined,
          "nodeType": "host",
          "props": Object {
            "children": "Sign Up / Login",
            "className": "signin-button",
            "onClick": undefined,
          },
          "ref": null,
          "rendered": "Sign Up / Login",
          "type": "button",
        },
        "type": "div",
      },
    ],
    "type": "header",
  },
  Symbol(enzyme.__nodes__): Array [
    Object {
      "instance": null,
      "key": undefined,
      "nodeType": "host",
      "props": Object {
        "children": Array [
          <div
            className="title-logo"
>
            <NavLink
                        activeClassName="active"
                        aria-current="page"
                        to="/"
            >
                        <img
                                    alt="exordium logo"
                                    className="logo"
                                    src="exordium-logo.png"
                        />
            </NavLink>
</div>,
          <div
            className="signin-container"
>
            <button
                        className="signin-button"
                        onClick={undefined}
            >
                        Sign Up / Login
            </button>
</div>,
        ],
      },
      "ref": null,
      "rendered": Array [
        Object {
          "instance": null,
          "key": undefined,
          "nodeType": "host",
          "props": Object {
            "children": <NavLink
              activeClassName="active"
              aria-current="page"
              to="/"
>
              <img
                            alt="exordium logo"
                            className="logo"
                            src="exordium-logo.png"
              />
</NavLink>,
            "className": "title-logo",
          },
          "ref": null,
          "rendered": Object {
            "instance": null,
            "key": undefined,
            "nodeType": "function",
            "props": Object {
              "activeClassName": "active",
              "aria-current": "page",
              "children": <img
                alt="exordium logo"
                className="logo"
                src="exordium-logo.png"
/>,
              "to": "/",
            },
            "ref": null,
            "rendered": Object {
              "instance": null,
              "key": undefined,
              "nodeType": "host",
              "props": Object {
                "alt": "exordium logo",
                "className": "logo",
                "src": "exordium-logo.png",
              },
              "ref": null,
              "rendered": null,
              "type": "img",
            },
            "type": [Function],
          },
          "type": "div",
        },
        Object {
          "instance": null,
          "key": undefined,
          "nodeType": "host",
          "props": Object {
            "children": <button
              className="signin-button"
              onClick={undefined}
>
              Sign Up / Login
</button>,
            "className": "signin-container",
          },
          "ref": null,
          "rendered": Object {
            "instance": null,
            "key": undefined,
            "nodeType": "host",
            "props": Object {
              "children": "Sign Up / Login",
              "className": "signin-button",
              "onClick": undefined,
            },
            "ref": null,
            "rendered": "Sign Up / Login",
            "type": "button",
          },
          "type": "div",
        },
      ],
      "type": "header",
    },
  ],
  Symbol(enzyme.__options__): Object {
    "adapter": ReactSixteenAdapter {
      "options": Object {
        "enableComponentDidUpdateOnSetState": true,
      },
    },
  },
}
`;
